// Jest Snapshot v1, https://goo.gl/fbAQLP

exports[`matches pagination arrow 1`] = `
<div
  className="MuiContainer-root MuiContainer-maxWidthLg css-yu64m-MuiContainer-root"
>
  <svg
    aria-hidden={true}
    className="MuiSvgIcon-root MuiSvgIcon-fontSizeMedium css-1k0tyso-MuiSvgIcon-root"
    data-testid="ArrowCircleLeftIcon"
    focusable="false"
    onClick={[Function]}
    viewBox="0 0 24 24"
  >
    <path
      d="M2 12c0 5.52 4.48 10 10 10s10-4.48 10-10S17.52 2 12 2 2 6.48 2 12zm10-1h4v2h-4v3l-4-4 4-4v3z"
    />
  </svg>
  <svg
    aria-hidden={true}
    className="MuiSvgIcon-root MuiSvgIcon-fontSizeMedium css-z9fw94-MuiSvgIcon-root"
    data-testid="ArrowCircleRightIcon"
    focusable="false"
    onClick={[Function]}
    viewBox="0 0 24 24"
  >
    <path
      d="M22 12c0-5.52-4.48-10-10-10S2 6.48 2 12s4.48 10 10 10 10-4.48 10-10zm-10 1H8v-2h4V8l4 4-4 4v-3z"
    />
  </svg>
</div>
`;
